2026-07-26 00:41:26,495 [INFO] (Exam_Monitoring_Module_6.py:252) - Loading detected behaviours database...
2026-07-26 00:41:26,521 [INFO] (Exam_Monitoring_Module_6.py:283) - Student 1: Final Score = 100.00 (Critical)
2026-07-26 00:41:26,523 [INFO] (Exam_Monitoring_Module_6.py:283) - Student 3: Final Score = 100.00 (Critical)
2026-07-26 00:41:26,523 [INFO] (Exam_Monitoring_Module_6.py:283) - Student 7: Final Score = 32.12 (Low)
2026-07-26 00:41:26,526 [INFO] (Exam_Monitoring_Module_6.py:283) - Student 2: Final Score = 100.00 (Critical)
2026-07-26 00:41:26,526 [INFO] (Exam_Monitoring_Module_6.py:283) - Student 8: Final Score = 18.72 (Safe)
2026-07-26 00:41:26,527 [INFO] (Exam_Monitoring_Module_6.py:283) - Student 4: Final Score = 100.00 (Critical)
2026-07-26 00:41:26,528 [INFO] (Exam_Monitoring_Module_6.py:283) - Student 10: Final Score = 58.47 (Medium)
2026-07-26 00:41:26,528 [INFO] (Exam_Monitoring_Module_6.py:283) - Student 11: Final Score = 8.13 (Safe)
2026-07-26 00:41:26,532 [INFO] (Exam_Monitoring_Module_6.py:283) - Student 12: Final Score = 100.00 (Critical)
2026-07-26 00:41:26,532 [INFO] (Exam_Monitoring_Module_6.py:283) - Student 22: Final Score = 11.94 (Safe)
2026-07-26 00:41:26,532 [INFO] (Exam_Monitoring_Module_6.py:283) - Student 23: Final Score = 2.09 (Safe)
2026-07-26 00:41:26,532 [INFO] (Exam_Monitoring_Module_6.py:283) - Student 24: Final Score = 100.00 (Critical)
2026-07-26 00:41:26,532 [INFO] (Exam_Monitoring_Module_6.py:283) - Student 28: Final Score = 10.26 (Safe)
2026-07-26 00:41:26,532 [INFO] (Exam_Monitoring_Module_6.py:283) - Student 29: Final Score = 5.58 (Safe)
2026-07-26 00:41:26,545 [INFO] (Exam_Monitoring_Module_6.py:283) - Student 41: Final Score = 100.00 (Critical)
2026-07-26 00:41:26,547 [INFO] (Exam_Monitoring_Module_6.py:283) - Student 37: Final Score = 100.00 (Critical)
2026-07-26 00:41:26,549 [INFO] (Exam_Monitoring_Module_6.py:283) - Student 40: Final Score = 100.00 (Critical)
2026-07-26 00:41:26,549 [INFO] (Exam_Monitoring_Module_6.py:283) - Student 44: Final Score = 96.96 (Critical)
2026-07-26 00:41:26,549 [INFO] (Exam_Monitoring_Module_6.py:283) - Student 47: Final Score = 1.92 (Safe)
2026-07-26 00:41:26,550 [INFO] (Exam_Monitoring_Module_6.py:283) - Student 51: Final Score = 100.00 (Critical)
2026-07-26 00:41:26,551 [INFO] (Exam_Monitoring_Module_6.py:283) - Student 53: Final Score = 100.00 (Critical)
2026-07-26 00:41:26,551 [INFO] (Exam_Monitoring_Module_6.py:283) - Student 54: Final Score = 2.18 (Safe)
2026-07-26 00:41:26,551 [INFO] (Exam_Monitoring_Module_6.py:283) - Student 55: Final Score = 100.00 (Critical)
2026-07-26 00:41:26,552 [INFO] (Exam_Monitoring_Module_6.py:283) - Student 59: Final Score = 100.00 (Critical)
2026-07-26 00:41:26,552 [INFO] (Exam_Monitoring_Module_6.py:283) - Student 60: Final Score = 45.79 (Medium)
2026-07-26 00:41:26,552 [INFO] (Exam_Monitoring_Module_6.py:283) - Student 57: Final Score = 2.05 (Safe)
2026-07-26 00:41:26,552 [INFO] (Exam_Monitoring_Module_6.py:289) - Writing risk scores to: exam_monitoring_system\output\risk_scores.json
2026-07-26 00:41:26,797 [INFO] (Exam_Monitoring_Module_6.py:247) - Risk score visualization saved at: exam_monitoring_system\output\risk_score_visualization.png
2026-07-26 00:41:26,798 [INFO] (Exam_Monitoring_Module_6.py:303) - Module 6 complete. Processed 7350 events across 26 students.
