2026-07-26 00:27:07,526 [INFO] (Exam_Monitoring_Module_3.py:69) - Downloading MediaPipe BlazePose model from: https://storage.googleapis.com/mediapipe-models/pose_landmarker/pose_landmarker_full/float16/1/pose_landmarker_full.task
2026-07-26 00:27:07,952 [INFO] (Exam_Monitoring_Module_3.py:72) - BlazePose model downloaded successfully.
2026-07-26 00:27:08,210 [INFO] (Exam_Monitoring_Module_3.py:85) - Initializing MediaPipe Tasks PoseLandmarker...
2026-07-26 00:27:12,013 [INFO] (Exam_Monitoring_Module_3.py:100) - Initializing YOLO11 detector...
2026-07-26 00:27:12,054 [INFO] (Exam_Monitoring_Module_3.py:104) - Opening video: r"/Users/harshsharma/Downloads/WhatsApp Video 2026-07-25 at 10.59.18 PM.mp4"
2026-07-26 00:27:12,072 [INFO] (Exam_Monitoring_Module_3.py:115) - Video Info - Width: 480, Height: 854, FPS: 30.0, Total Frames: 688
2026-07-26 00:27:12,076 [INFO] (Exam_Monitoring_Module_3.py:128) - --- Starting Multi-Student Tracking & Pose Landmarking ---
2026-07-26 00:27:20,079 [INFO] (Exam_Monitoring_Module_3.py:232) - Processed frame 50/688...
2026-07-26 00:27:26,473 [INFO] (Exam_Monitoring_Module_3.py:232) - Processed frame 100/688...
2026-07-26 00:27:31,912 [INFO] (Exam_Monitoring_Module_3.py:232) - Processed frame 150/688...
2026-07-26 00:27:36,896 [INFO] (Exam_Monitoring_Module_3.py:232) - Processed frame 200/688...
2026-07-26 00:27:42,054 [INFO] (Exam_Monitoring_Module_3.py:232) - Processed frame 250/688...
2026-07-26 00:27:46,376 [INFO] (Exam_Monitoring_Module_3.py:232) - Processed frame 300/688...
2026-07-26 00:27:52,751 [INFO] (Exam_Monitoring_Module_3.py:232) - Processed frame 350/688...
2026-07-26 00:27:59,120 [INFO] (Exam_Monitoring_Module_3.py:232) - Processed frame 400/688...
2026-07-26 00:28:05,977 [INFO] (Exam_Monitoring_Module_3.py:232) - Processed frame 450/688...
2026-07-26 00:28:12,898 [INFO] (Exam_Monitoring_Module_3.py:232) - Processed frame 500/688...
2026-07-26 00:28:18,972 [INFO] (Exam_Monitoring_Module_3.py:232) - Processed frame 550/688...
2026-07-26 00:28:24,601 [INFO] (Exam_Monitoring_Module_3.py:232) - Processed frame 600/688...
2026-07-26 00:28:29,806 [INFO] (Exam_Monitoring_Module_3.py:232) - Processed frame 650/688...
2026-07-26 00:28:33,439 [INFO] (Exam_Monitoring_Module_3.py:238) - Writing landmark coordinates to JSON: exam_monitoring_system\output\pose_landmarks.json
2026-07-26 00:28:33,962 [INFO] (Exam_Monitoring_Module_3.py:242) - Module 3 completed. Annotated video saved at: exam_monitoring_system\output\tracked_pose_output.mp4
