2026-07-26 00:34:59,943 [INFO] (Exam_Monitoring_Module_5.py:201) - Loading student features database...
2026-07-26 00:34:59,953 [INFO] (Exam_Monitoring_Module_5.py:212) - Analyzing behaviors for Student ID: 1...
2026-07-26 00:34:59,958 [INFO] (Exam_Monitoring_Module_5.py:215) - Generated 2259 behavior events for Student 1.
2026-07-26 00:34:59,958 [INFO] (Exam_Monitoring_Module_5.py:212) - Analyzing behaviors for Student ID: 3...
2026-07-26 00:34:59,959 [INFO] (Exam_Monitoring_Module_5.py:215) - Generated 348 behavior events for Student 3.
2026-07-26 00:34:59,959 [INFO] (Exam_Monitoring_Module_5.py:212) - Analyzing behaviors for Student ID: 7...
2026-07-26 00:34:59,959 [INFO] (Exam_Monitoring_Module_5.py:215) - Generated 24 behavior events for Student 7.
2026-07-26 00:34:59,960 [INFO] (Exam_Monitoring_Module_5.py:212) - Analyzing behaviors for Student ID: 2...
2026-07-26 00:34:59,961 [INFO] (Exam_Monitoring_Module_5.py:215) - Generated 612 behavior events for Student 2.
2026-07-26 00:34:59,961 [INFO] (Exam_Monitoring_Module_5.py:212) - Analyzing behaviors for Student ID: 8...
2026-07-26 00:34:59,961 [INFO] (Exam_Monitoring_Module_5.py:215) - Generated 18 behavior events for Student 8.
2026-07-26 00:34:59,961 [INFO] (Exam_Monitoring_Module_5.py:212) - Analyzing behaviors for Student ID: 4...
2026-07-26 00:34:59,961 [INFO] (Exam_Monitoring_Module_5.py:215) - Generated 157 behavior events for Student 4.
2026-07-26 00:34:59,961 [INFO] (Exam_Monitoring_Module_5.py:212) - Analyzing behaviors for Student ID: 11...
2026-07-26 00:34:59,962 [INFO] (Exam_Monitoring_Module_5.py:215) - Generated 10 behavior events for Student 11.
2026-07-26 00:34:59,962 [INFO] (Exam_Monitoring_Module_5.py:212) - Analyzing behaviors for Student ID: 10...
2026-07-26 00:34:59,962 [INFO] (Exam_Monitoring_Module_5.py:215) - Generated 37 behavior events for Student 10.
2026-07-26 00:34:59,962 [INFO] (Exam_Monitoring_Module_5.py:212) - Analyzing behaviors for Student ID: 12...
2026-07-26 00:34:59,962 [INFO] (Exam_Monitoring_Module_5.py:215) - Generated 611 behavior events for Student 12.
2026-07-26 00:34:59,962 [INFO] (Exam_Monitoring_Module_5.py:212) - Analyzing behaviors for Student ID: 22...
2026-07-26 00:34:59,963 [INFO] (Exam_Monitoring_Module_5.py:215) - Generated 13 behavior events for Student 22.
2026-07-26 00:34:59,963 [INFO] (Exam_Monitoring_Module_5.py:212) - Analyzing behaviors for Student ID: 23...
2026-07-26 00:34:59,963 [INFO] (Exam_Monitoring_Module_5.py:215) - Generated 3 behavior events for Student 23.
2026-07-26 00:34:59,963 [INFO] (Exam_Monitoring_Module_5.py:212) - Analyzing behaviors for Student ID: 24...
2026-07-26 00:34:59,963 [INFO] (Exam_Monitoring_Module_5.py:215) - Generated 124 behavior events for Student 24.
2026-07-26 00:34:59,963 [INFO] (Exam_Monitoring_Module_5.py:212) - Analyzing behaviors for Student ID: 28...
2026-07-26 00:34:59,963 [INFO] (Exam_Monitoring_Module_5.py:215) - Generated 11 behavior events for Student 28.
2026-07-26 00:34:59,963 [INFO] (Exam_Monitoring_Module_5.py:212) - Analyzing behaviors for Student ID: 29...
2026-07-26 00:34:59,963 [INFO] (Exam_Monitoring_Module_5.py:215) - Generated 7 behavior events for Student 29.
2026-07-26 00:34:59,963 [INFO] (Exam_Monitoring_Module_5.py:212) - Analyzing behaviors for Student ID: 41...
2026-07-26 00:34:59,965 [INFO] (Exam_Monitoring_Module_5.py:215) - Generated 1675 behavior events for Student 41.
2026-07-26 00:34:59,965 [INFO] (Exam_Monitoring_Module_5.py:212) - Analyzing behaviors for Student ID: 37...
2026-07-26 00:34:59,966 [INFO] (Exam_Monitoring_Module_5.py:215) - Generated 317 behavior events for Student 37.
2026-07-26 00:34:59,966 [INFO] (Exam_Monitoring_Module_5.py:212) - Analyzing behaviors for Student ID: 40...
2026-07-26 00:34:59,967 [INFO] (Exam_Monitoring_Module_5.py:215) - Generated 504 behavior events for Student 40.
2026-07-26 00:34:59,967 [INFO] (Exam_Monitoring_Module_5.py:212) - Analyzing behaviors for Student ID: 44...
2026-07-26 00:34:59,967 [INFO] (Exam_Monitoring_Module_5.py:215) - Generated 52 behavior events for Student 44.
2026-07-26 00:34:59,967 [INFO] (Exam_Monitoring_Module_5.py:212) - Analyzing behaviors for Student ID: 47...
2026-07-26 00:34:59,967 [INFO] (Exam_Monitoring_Module_5.py:215) - Generated 3 behavior events for Student 47.
2026-07-26 00:34:59,967 [INFO] (Exam_Monitoring_Module_5.py:212) - Analyzing behaviors for Student ID: 53...
2026-07-26 00:34:59,967 [INFO] (Exam_Monitoring_Module_5.py:215) - Generated 222 behavior events for Student 53.
2026-07-26 00:34:59,967 [INFO] (Exam_Monitoring_Module_5.py:212) - Analyzing behaviors for Student ID: 51...
2026-07-26 00:34:59,967 [INFO] (Exam_Monitoring_Module_5.py:215) - Generated 140 behavior events for Student 51.
2026-07-26 00:34:59,967 [INFO] (Exam_Monitoring_Module_5.py:212) - Analyzing behaviors for Student ID: 54...
2026-07-26 00:34:59,967 [INFO] (Exam_Monitoring_Module_5.py:215) - Generated 3 behavior events for Student 54.
2026-07-26 00:34:59,967 [INFO] (Exam_Monitoring_Module_5.py:212) - Analyzing behaviors for Student ID: 55...
2026-07-26 00:34:59,967 [INFO] (Exam_Monitoring_Module_5.py:215) - Generated 113 behavior events for Student 55.
2026-07-26 00:34:59,967 [INFO] (Exam_Monitoring_Module_5.py:212) - Analyzing behaviors for Student ID: 59...
2026-07-26 00:34:59,967 [INFO] (Exam_Monitoring_Module_5.py:215) - Generated 56 behavior events for Student 59.
2026-07-26 00:34:59,967 [INFO] (Exam_Monitoring_Module_5.py:212) - Analyzing behaviors for Student ID: 60...
2026-07-26 00:34:59,967 [INFO] (Exam_Monitoring_Module_5.py:215) - Generated 28 behavior events for Student 60.
2026-07-26 00:34:59,967 [INFO] (Exam_Monitoring_Module_5.py:212) - Analyzing behaviors for Student ID: 57...
2026-07-26 00:34:59,967 [INFO] (Exam_Monitoring_Module_5.py:215) - Generated 3 behavior events for Student 57.
2026-07-26 00:34:59,970 [INFO] (Exam_Monitoring_Module_5.py:221) - Writing behavioral detections to JSON: exam_monitoring_system\output\detected_behaviours.json
2026-07-26 00:35:00,028 [INFO] (Exam_Monitoring_Module_5.py:225) - Module 5 complete. Total behavior events detected: 7350
